vanir@Vanir:~/ehr-blockchain$ git init
Reinitialized existing Git repository in /home/vanir/ehr-blockchain/.git/
vanir@Vanir:~/ehr-blockchain$ ^C
vanir@Vanir:~/ehr-blockchain$ git remote add origin https://github.com/Daerkns/EHRBesuBlockchain.git
error: remote origin already exists.
vanir@Vanir:~/ehr-blockchain$ git add .
vanir@Vanir:~/ehr-blockchain$ git commit -m "Initial commit"
[main 5caf6c21] Initial commit
 6 files changed, 1024 insertions(+), 92 deletions(-)
 create mode 100644 blockchain/scripts/check-methods.js
vanir@Vanir:~/ehr-blockchain$ git push -u origin main
Enumerating objects: 19038, done.
Counting objects: 100% (19038/19038), done.
Delta compression using up to 12 threads
Compressing objects: 100% (13683/13683), done.
Writing objects: 100% (19037/19037), 206.83 MiB | 15.80 MiB/s, done.
Total 19037 (delta 4573), reused 18994 (delta 4549), pack-reused 0
remote: Resolving deltas: 100% (4573/4573), done.
remote: error: Trace: b2e3a358de9d73044158c1e90bbcf3400a65ea97cf38682402ab5ad3df22ee4a
remote: error: See https://gh.io/lfs for more information.
remote: error: File besu-22.7.0.zip is 145.69 MB; this exceeds GitHub's file size limit of 100.00 MB
remote: error: GH001: Large files detected. You may want to try Git Large File Storage - https://git-lfs.github.com.
To https://github.com/Daerkns/EHRBesuBlockchain.git
 ! [remote rejected]   main -> main (pre-receive hook declined)
error: failed to push some refs to 'https://github.com/Daerkns/EHRBesuBlockchain.git'