vanir@Vanir:~/ehr-blockchain$ rm -rf frontend/patient-portal/.git
vanir@Vanir:~/ehr-blockchain$ git add frontend/patient-portal
vanir@Vanir:~/ehr-blockchain$ git commit -m "convert patient portal from submodule to regular directory pt 2"
On branch main
Your branch is up to date with 'origin/main'.

Untracked files:
  (use "git add <file>..." to include in what will be committed)
        gitproblems.txt

nothing added to commit but untracked files present (use "git add" to track)
vanir@Vanir:~/ehr-blockchain$ git add .
vanir@Vanir:~/ehr-blockchain$ git commit -m "convert patient portal from submodule to regular directory pt 2"
[main 53b96ef6] convert patient portal from submodule to regular directory pt 2
 1 file changed, 66 insertions(+)
 create mode 100644 gitproblems.txt
vanir@Vanir:~/ehr-blockchain$ git push
Enumerating objects: 4, done.
Counting objects: 100% (4/4), done.
Delta compression using up to 12 threads
Compressing objects: 100% (3/3), done.
Writing objects: 100% (3/3), 1.39 KiB | 1.39 MiB/s, done.
Total 3 (delta 1), reused 0 (delta 0), pack-reused 0
remote: Resolving deltas: 100% (1/1), completed with 1 local object.
To https://github.com/Daerkns/EHRBesuBlockchain.git
   cdae7801..53b96ef6  main -> main
vanir@Vanir:~/ehr-blockchain$ git submodule status
fatal: no submodule mapping found in .gitmodules for path 'frontend/doctor-dashboard'
vanir@Vanir:~/ehr-blockchain$ 